// Jest Snapshot v1, https://goo.gl/fbAQLP

exports[`renders the Recipe Category page correctly 1`] = `
<div>
  <div>
    <div
      class="container"
    >
      <div
        class="heading"
      >
        <h1
          class="name"
        >
          American
        </h1>
      </div>
    </div>
    <div
      class="container"
    >
      <ul>
        <li>
          <div
            class="container"
          >
            <img
              alt="Roasted Turkey with Smoked Paprika"
              class="image"
              src="https://images.albertsons-media.com/is/image/ABS/0_roasted-turkey-with-smoked-paprika-M2?$recipe-card$"
            />
            <div
              class="details"
            >
              <div
                class="title"
              >
                <a
                  href="/details/1"
                >
                  ROASTED TURKEY WITH SMOKED PAPRIKA
                </a>
              </div>
              <div
                class="recommendationText"
              >
                <p>
                  Try this recipe for the perfect roasted turkey, made with a variety of herbs and spices. Perfect for the holiday season, the paprika adds incredible f...
                </p>
              </div>
              <div
                class="otherInfo"
              >
                <div>
                  Cooking Time: 
                  2 hour
                </div>
                <div>
                  Skill Level: 
                  Medium
                </div>
                <div>
                  Serving Number: 
                  8
                </div>
              </div>
            </div>
          </div>
        </li>
        <li>
          <div
            class="container"
          >
            <img
              alt="Pineapple Burger Stack with Avocado Salsa"
              class="image"
              src="https://images.albertsons-media.com/is/image/ABS/0_pineapple-burger-stack-with-avocado-salsa-M2?$recipe-card$"
            />
            <div
              class="details"
            >
              <div
                class="title"
              >
                <a
                  href="/details/2"
                >
                  PINEAPPLE BURGER STACK WITH AVOCADO SALSA
                </a>
              </div>
              <div
                class="recommendationText"
              >
                <p>
                  Make the ultimate burger this summer with this recipe for a Pineapple Burger Stack with Avocado Salsa. The combination of grilled pineapple, jalapeño ...
                </p>
              </div>
              <div
                class="otherInfo"
              >
                <div>
                  Cooking Time: 
                  20 mins
                </div>
                <div>
                  Skill Level: 
                  Easy
                </div>
                <div>
                  Serving Number: 
                  2
                </div>
              </div>
            </div>
          </div>
        </li>
      </ul>
    </div>
  </div>
</div>
`;
